27-May-2026 10:13:35.692 信息 [main] org.apache.catalina.startup.VersionLoggerListener.log Server.服务器版本: Apache Tomcat/10.1.53
27-May-2026 10:13:35.696 信息 [main] org.apache.catalina.startup.VersionLoggerListener.log 服务器构建:        Mar 18 2026 13:50:42 UTC
27-May-2026 10:13:35.721 信息 [main] org.apache.catalina.startup.VersionLoggerListener.log 服务器版本号:      10.1.53.0
27-May-2026 10:13:35.721 信息 [main] org.apache.catalina.startup.VersionLoggerListener.log 操作系统名称:      Windows 11
27-May-2026 10:13:35.721 信息 [main] org.apache.catalina.startup.VersionLoggerListener.log OS.版本:           10.0
27-May-2026 10:13:35.722 信息 [main] org.apache.catalina.startup.VersionLoggerListener.log 架构:              amd64
27-May-2026 10:13:35.722 信息 [main] org.apache.catalina.startup.VersionLoggerListener.log Java 环境变量:     C:\Program Files\Java\jdk-17
27-May-2026 10:13:35.722 信息 [main] org.apache.catalina.startup.VersionLoggerListener.log Java虚拟机版本:    17.0.17+8-LTS-360
27-May-2026 10:13:35.722 信息 [main] org.apache.catalina.startup.VersionLoggerListener.log JVM.供应商:        Oracle Corporation
27-May-2026 10:13:35.722 信息 [main] org.apache.catalina.startup.VersionLoggerListener.log CATALINA_BASE:     D:\java——code\java web\tomcat-base
27-May-2026 10:13:35.722 信息 [main] org.apache.catalina.startup.VersionLoggerListener.log CATALINA_HOME:     D:\tomcat\apache-tomcat-10.1.53
27-May-2026 10:13:35.731 信息 [main] org.apache.catalina.startup.VersionLoggerListener.log 命令行参数：       -Djava.util.logging.config.file=d:\java——code\java web\tomcat-base\conf\logging.properties
27-May-2026 10:13:35.731 信息 [main] org.apache.catalina.startup.VersionLoggerListener.log 命令行参数：       -Djava.util.logging.manager=org.apache.juli.ClassLoaderLogManager
27-May-2026 10:13:35.731 信息 [main] org.apache.catalina.startup.VersionLoggerListener.log 命令行参数：       -Djdk.tls.ephemeralDHKeySize=2048
27-May-2026 10:13:35.731 信息 [main] org.apache.catalina.startup.VersionLoggerListener.log 命令行参数：       -Djava.protocol.handler.pkgs=org.apache.catalina.webresources
27-May-2026 10:13:35.731 信息 [main] org.apache.catalina.startup.VersionLoggerListener.log 命令行参数：       -Dsun.io.useCanonCaches=false
27-May-2026 10:13:35.731 信息 [main] org.apache.catalina.startup.VersionLoggerListener.log 命令行参数：       --add-opens=java.base/java.lang=ALL-UNNAMED
27-May-2026 10:13:35.731 信息 [main] org.apache.catalina.startup.VersionLoggerListener.log 命令行参数：       --add-opens=java.base/java.lang.reflect=ALL-UNNAMED
27-May-2026 10:13:35.731 信息 [main] org.apache.catalina.startup.VersionLoggerListener.log 命令行参数：       --add-opens=java.base/java.io=ALL-UNNAMED
27-May-2026 10:13:35.731 信息 [main] org.apache.catalina.startup.VersionLoggerListener.log 命令行参数：       --add-opens=java.base/java.util=ALL-UNNAMED
27-May-2026 10:13:35.732 信息 [main] org.apache.catalina.startup.VersionLoggerListener.log 命令行参数：       --add-opens=java.base/java.util.concurrent=ALL-UNNAMED
27-May-2026 10:13:35.732 信息 [main] org.apache.catalina.startup.VersionLoggerListener.log 命令行参数：       --add-opens=java.rmi/sun.rmi.transport=ALL-UNNAMED
27-May-2026 10:13:35.732 信息 [main] org.apache.catalina.startup.VersionLoggerListener.log 命令行参数：       -Dcatalina.base=d:\java——code\java web\tomcat-base
27-May-2026 10:13:35.732 信息 [main] org.apache.catalina.startup.VersionLoggerListener.log 命令行参数：       -Dcatalina.home=D:\tomcat\apache-tomcat-10.1.53
27-May-2026 10:13:35.732 信息 [main] org.apache.catalina.startup.VersionLoggerListener.log 命令行参数：       -Djava.io.tmpdir=d:\java——code\java web\tomcat-base\temp
27-May-2026 10:13:35.747 信息 [main] org.apache.catalina.core.AprLifecycleListener.lifecycleEvent 使用APR版本[1.7.6]加载了基于APR的Apache Tomcat本机库[2.0.14]。
27-May-2026 10:13:35.750 信息 [main] org.apache.catalina.core.AprLifecycleListener.initializeSSL OpenSSL成功初始化 [OpenSSL 3.5.5 27 Jan 2026]
27-May-2026 10:13:35.936 信息 [main] org.apache.coyote.AbstractProtocol.init 初始化协议处理器 ["http-nio-8080"]
27-May-2026 10:13:35.964 信息 [main] org.apache.catalina.startup.Catalina.load 服务器在[424]毫秒内初始化
27-May-2026 10:13:35.995 严重 [main] org.apache.catalina.users.MemoryUserDatabase.open 指定用户数据库[conf/tomcat-users.xml]未找到
27-May-2026 10:13:36.000 信息 [main] org.apache.catalina.core.StandardService.startInternal 正在启动服务[Catalina]
27-May-2026 10:13:36.000 信息 [main] org.apache.catalina.core.StandardEngine.startInternal 正在启动 Servlet 引擎：[Apache Tomcat/10.1.53]
27-May-2026 10:13:36.011 信息 [main] org.apache.catalina.startup.HostConfig.deployDescriptor 正在部署部署描述符[D:\java——code\java web\tomcat-base\conf\Catalina\localhost\UserManage.xml]。
27-May-2026 10:13:36.030 警告 [main] org.apache.catalina.startup.HostConfig.deployDescriptor 部署描述符[D:\java——code\java web\tomcat-base\conf\Catalina\localhost\UserManage.xml]中值为[/UserManage]的路径属性已被忽略
27-May-2026 10:13:36.696 信息 [main] org.apache.jasper.servlet.TldScanner.scanJars 至少有一个JAR被扫描用于TLD但尚未包含TLD。 为此记录器启用调试日志记录，以获取已扫描但未在其中找到TLD的完整JAR列表。 在扫描期间跳过不需要的JAR可以缩短启动时间和JSP编译时间。
27-May-2026 10:13:36.788 信息 [main] org.apache.catalina.startup.HostConfig.deployDescriptor 部署描述符[D:\java——code\java web\tomcat-base\conf\Catalina\localhost\UserManage.xml]的部署已在[775]ms内完成
27-May-2026 10:13:36.794 信息 [main] org.apache.coyote.AbstractProtocol.start 开始协议处理句柄["http-nio-8080"]
27-May-2026 10:13:36.914 信息 [main] org.apache.catalina.startup.Catalina.start [949]毫秒后服务器启动
